node.exe : ΓÜá Warning: 
Next.js inferred your 
workspace root, but it 
may not be correct.
At C:\Program 
Files\nodejs\npx.ps1:29 
char:3
+   & $NODE_EXE 
$NPX_CLI_JS $args
+   ~~~~~~~~~~~~~~~~~~~~~~
~~~~~~~
    + CategoryInfo        
      : NotSpecified: (Γ  
  Üá Warning: Ne...not    
 be correct.:String) [    
], RemoteException
    + FullyQualifiedError 
   Id : NativeCommandErr  
  or
 
 We detected multiple 
lockfiles and selected 
the directory of C:\Users\
HP\package-lock.json as 
the root directory.
 To silence this warning, 
set `turbopack.root` in 
your Next.js config, or 
consider removing one of 
the lockfiles if it's not 
needed.
   See https://nextjs.org/
docs/app/api-reference/con
fig/next-config-js/turbopa
ck#root-directory for 
more information.
 Detected additional 
lockfiles: 
   * C:\Users\HP\Calendly\
frontend\package-lock.json

Γû▓ Next.js 16.2.3 (Turbopack)
- Environments: .env

  Creating an optimized production build ...

> Build error occurred
Error: Turbopack build 
failed with 2 errors:
./Calendly/frontend/app/(a
dmin)/contacts/page.tsx:8:
1
Export Linkedin doesn't 
exist in target module
  [90m 6 |[0m 
[36mimport[0m { 
[33mPageHeader[0m } 
[36mfrom[0m [32m"@/comp
onents/layout/PageHeader"
[0m;
  [90m 7 |[0m 
[36mimport[0m { 
[33mButton[0m } 
[36mfrom[0m [32m"@/comp
onents/ui/Button"[0m;
[31m[1m>[0m [90m 8 
|[0m [36mimport[0m {
  [90m   |[0m 
[31m[1m^^^^^^^[0m
[31m[1m>[0m [90m 9 
|[0m   [33mSearch[0m, 
[33mPlus[0m, 
[33mX[0m, 
[33mUser[0m, 
[33mMail[0m, 
[33mPhone[0m, 
[33mBriefcase[0m, 
[33mBuilding2[0m,
  [90m   |[0m [31m[1m^
^^^^^^^^^^^^^^^^^^^^^^^^^^
^^^^^^^^^^^^^^^^^^^^^^^^^^
^^^^^^[0m
[31m[1m>[0m [90m10 
|[0m   [33mGlobe[0m, 
[33mLinkedin[0m, 
[33mCalendarDays[0m, 
[33mClock[0m, 
[33mChevronRight[0m,
  [90m   |[0m [31m[1m^
^^^^^^^^^^^^^^^^^^^^^^^^^^
^^^^^^^^^^^^^^^^^^^^^^^^^^
[0m
[31m[1m>[0m [90m11 
|[0m } [36mfrom[0m 
[32m"lucide-react"[0m;
  [90m   |[0m [31m[1m^
^^^^^^^^^^^^^^^^^^^^^[0m
  [90m12 |[0m 
[36mimport[0m { format 
} [36mfrom[0m 
[32m"date-fns"[0m;
  [90m13 |[0m 
[36mimport[0m toast 
[36mfrom[0m [32m"react-
hot-toast"[0m;
  [90m14 |[0m

The export Linkedin was 
not found in module [proje
ct]/Calendly/frontend/node
_modules/lucide-react/dist
/esm/lucide-react.js 
[app-client] (ecmascript).
Did you mean to import 
Link?
All exports of the module 
are statically known (It 
doesn't have dynamic 
exports). So it's known 
statically that the 
requested export doesn't 
exist.

Import traces:
  Client Component 
Browser:
    ./Calendly/frontend/ap
p/(admin)/contacts/page.ts
x [Client Component 
Browser]
    ./Calendly/frontend/ap
p/(admin)/contacts/page.ts
x [Server Component]

  Client Component SSR:
    ./Calendly/frontend/ap
p/(admin)/contacts/page.ts
x [Client Component SSR]
    ./Calendly/frontend/ap
p/(admin)/contacts/page.ts
x [Server Component]


./Calendly/frontend/app/(a
dmin)/contacts/page.tsx:8:
1
Export Linkedin doesn't 
exist in target module
  [90m 6 |[0m 
[36mimport[0m { 
[33mPageHeader[0m } 
[36mfrom[0m [32m"@/comp
onents/layout/PageHeader"
[0m;
  [90m 7 |[0m 
[36mimport[0m { 
[33mButton[0m } 
[36mfrom[0m [32m"@/comp
onents/ui/Button"[0m;
[31m[1m>[0m [90m 8 
|[0m [36mimport[0m {
  [90m   |[0m 
[31m[1m^^^^^^^[0m
[31m[1m>[0m [90m 9 
|[0m   [33mSearch[0m, 
[33mPlus[0m, 
[33mX[0m, 
[33mUser[0m, 
[33mMail[0m, 
[33mPhone[0m, 
[33mBriefcase[0m, 
[33mBuilding2[0m,
  [90m   |[0m [31m[1m^
^^^^^^^^^^^^^^^^^^^^^^^^^^
^^^^^^^^^^^^^^^^^^^^^^^^^^
^^^^^^[0m
[31m[1m>[0m [90m10 
|[0m   [33mGlobe[0m, 
[33mLinkedin[0m, 
[33mCalendarDays[0m, 
[33mClock[0m, 
[33mChevronRight[0m,
  [90m   |[0m [31m[1m^
^^^^^^^^^^^^^^^^^^^^^^^^^^
^^^^^^^^^^^^^^^^^^^^^^^^^^
[0m
[31m[1m>[0m [90m11 
|[0m } [36mfrom[0m 
[32m"lucide-react"[0m;
  [90m   |[0m [31m[1m^
^^^^^^^^^^^^^^^^^^^^^[0m
  [90m12 |[0m 
[36mimport[0m { format 
} [36mfrom[0m 
[32m"date-fns"[0m;
  [90m13 |[0m 
[36mimport[0m toast 
[36mfrom[0m [32m"react-
hot-toast"[0m;
  [90m14 |[0m

The export Linkedin was 
not found in module [proje
ct]/Calendly/frontend/node
_modules/lucide-react/dist
/esm/lucide-react.js 
[app-ssr] (ecmascript).
Did you mean to import 
Link?
All exports of the module 
are statically known (It 
doesn't have dynamic 
exports). So it's known 
statically that the 
requested export doesn't 
exist.

Import traces:
  Client Component 
Browser:
    ./Calendly/frontend/ap
p/(admin)/contacts/page.ts
x [Client Component 
Browser]
    ./Calendly/frontend/ap
p/(admin)/contacts/page.ts
x [Server Component]

  Client Component SSR:
    ./Calendly/frontend/ap
p/(admin)/contacts/page.ts
x [Client Component SSR]
    ./Calendly/frontend/ap
p/(admin)/contacts/page.ts
x [Server Component]


    at <unknown> (./Calend
ly/frontend/app/(admin)/co
ntacts/page.tsx:8:1)
    at <unknown> (./Calend
ly/frontend/app/(admin)/co
ntacts/page.tsx:8:1)
